###############################################################################
#                                                                             #
# IAR ELF Linker V6.30.1.53127/W32 for ARM              22/Sep/2012  11:28:19 #
# Copyright 2007-2011 IAR Systems AB.                                         #
#                                                                             #
#    Output file  =  E:\study\fire_Kinetis_代码V2.2\build\pit_demo\Debug\Exe\ #
#                    fire_gpio_demo.out                                       #
#    Map file     =  E:\study\fire_Kinetis_代码V2.2\build\pit_demo\Debug\List #
#                    \fire_gpio_demo.map                                      #
#    Command line =  E:\study\fire_Kinetis_代码V2.2\build\pit_demo\Debug\Obj\ #
#                    FTM.o E:\study\fire_Kinetis_代码V2.2\build\pit_demo\Debu #
#                    g\Obj\LED.o E:\study\fire_Kinetis_代码V2.2\build\pit_dem #
#                    o\Debug\Obj\PIT.o E:\study\fire_Kinetis_代码V2.2\build\p #
#                    it_demo\Debug\Obj\adc.o E:\study\fire_Kinetis_代码V2.2\b #
#                    uild\pit_demo\Debug\Obj\alloc.o                          #
#                    E:\study\fire_Kinetis_代码V2.2\build\pit_demo\Debug\Obj\ #
#                    arm_cm4.o E:\study\fire_Kinetis_代码V2.2\build\pit_demo\ #
#                    Debug\Obj\assert.o E:\study\fire_Kinetis_代码V2.2\build\ #
#                    pit_demo\Debug\Obj\crt0.o E:\study\fire_Kinetis_代码V2.2 #
#                    \build\pit_demo\Debug\Obj\delay.o                        #
#                    E:\study\fire_Kinetis_代码V2.2\build\pit_demo\Debug\Obj\ #
#                    exti.o E:\study\fire_Kinetis_代码V2.2\build\pit_demo\Deb #
#                    ug\Obj\gpio.o E:\study\fire_Kinetis_代码V2.2\build\pit_d #
#                    emo\Debug\Obj\io.o E:\study\fire_Kinetis_代码V2.2\build\ #
#                    pit_demo\Debug\Obj\isr.o E:\study\fire_Kinetis_代码V2.2\ #
#                    build\pit_demo\Debug\Obj\lptmr.o                         #
#                    E:\study\fire_Kinetis_代码V2.2\build\pit_demo\Debug\Obj\ #
#                    main.o E:\study\fire_Kinetis_代码V2.2\build\pit_demo\Deb #
#                    ug\Obj\mcg.o E:\study\fire_Kinetis_代码V2.2\build\pit_de #
#                    mo\Debug\Obj\memtest.o E:\study\fire_Kinetis_代码V2.2\bu #
#                    ild\pit_demo\Debug\Obj\printf.o                          #
#                    E:\study\fire_Kinetis_代码V2.2\build\pit_demo\Debug\Obj\ #
#                    queue.o E:\study\fire_Kinetis_代码V2.2\build\pit_demo\De #
#                    bug\Obj\start.o E:\study\fire_Kinetis_代码V2.2\build\pit #
#                    _demo\Debug\Obj\startup.o E:\study\fire_Kinetis_代码V2.2 #
#                    \build\pit_demo\Debug\Obj\stdlib.o                       #
#                    E:\study\fire_Kinetis_代码V2.2\build\pit_demo\Debug\Obj\ #
#                    sysinit.o E:\study\fire_Kinetis_代码V2.2\build\pit_demo\ #
#                    Debug\Obj\uart.o E:\study\fire_Kinetis_代码V2.2\build\pi #
#                    t_demo\Debug\Obj\uif.o E:\study\fire_Kinetis_代码V2.2\bu #
#                    ild\pit_demo\Debug\Obj\vectors.o                         #
#                    E:\study\fire_Kinetis_代码V2.2\build\pit_demo\Debug\Obj\ #
#                    wdog.o -o E:\study\fire_Kinetis_代码V2.2\build\pit_demo\ #
#                    Debug\Exe\fire_gpio_demo.out --map                       #
#                    E:\study\fire_Kinetis_代码V2.2\build\pit_demo\Debug\List #
#                    \fire_gpio_demo.map --config                             #
#                    "E:\study\fire_Kinetis_代码V2.2\build\pit_demo\..\config #
#                     files\fire_ROM_K60N512.icf" --semihosting --entry       #
#                    __iar_program_start --vfe                                #
#                                                                             #
#                                                                             #
###############################################################################

*******************************************************************************
*** RUNTIME MODEL ATTRIBUTES
***

CppFlavor       = *
__SystemLibrary = DLib


*******************************************************************************
*** PLACEMENT SUMMARY
***

"A1":  place at 0x00000000 { ro section .intvec };
"A2":  place at 0x00000410 { ro section .noinit };
"P1":  place in [from 0x00000000 to 0x00040000] { ro, block CodeRelocate };
"P2":  place in [from 0x1fff0410 to 0x20010000] {
          rw, block CodeRelocateRam, block CSTACK, block HEAP };

  Section              Kind        Address    Size  Object
  -------              ----        -------    ----  ------
"A1":                                        0x410
  .intvec              const    0x00000000   0x410  vectors.o [1]
                              - 0x00000410   0x410

"A2":                                         0x3c
  .noinit              ro code  0x00000410    0x3c  crt0.o [1]
                              - 0x0000044c    0x3c

"P1":                                       0x1b54
  .text                ro code  0x0000044c   0x55c  printf.o [1]
  .text                ro code  0x000009a8    0x20  stdlib.o [1]
  .text                ro code  0x000009c8   0x520  start.o [1]
  .text                ro code  0x00000ee8    0x38  wdog.o [1]
  .text                ro code  0x00000f20    0xc0  startup.o [1]
  .text                ro code  0x00000fe0    0x5c  sysinit.o [1]
  .text                ro code  0x0000103c    0x20  main.o [1]
  .text                ro code  0x0000105c    0xbc  arm_cm4.o [1]
  Veneer               ro code  0x00001118     0x8  - Linker created -
  .text                ro code  0x00001120   0x2f4  mcg.o [1]
  .text                ro code  0x00001414   0x20c  uart.o [1]
  .text                ro code  0x00001620    0x70  PIT.o [1]
  .text                ro code  0x00001690    0xf4  gpio.o [1]
  .text                ro code  0x00001784    0x20  assert.o [1]
  .text                ro code  0x000017a4    0xc4  LED.o [1]
  .text                ro code  0x00001868    0x24  delay.o [1]
  CodeRelocate                  0x0000188c    0x50  <Block>
    Initializer bytes  ro data  0x0000188c    0x50  <for CodeRelocateRam-1>
  .rodata              const    0x000018dc    0x4c  assert.o [1]
  .rodata              const    0x00001928    0x48  start.o [1]
  .data_init                    0x00001970    0x48  <Block>
    Initializer bytes  ro data  0x00001970    0x48  <for .data-1>
  .rodata              const    0x000019b8    0x40  start.o [1]
  .rodata              const    0x000019f8    0x38  arm_cm4.o [1]
  .rodata              const    0x00001a30    0x38  gpio.o [1]
  .rodata              const    0x00001a68    0x30  vectors.o [1]
  .rodata              const    0x00001a98    0x2c  start.o [1]
  .text                ro code  0x00001ac4    0x2c  data_init3.o [4]
  .rodata              const    0x00001af0    0x28  start.o [1]
  .rodata              const    0x00001b18    0x28  start.o [1]
  .text                ro code  0x00001b40    0x22  zero_init3.o [4]
  .iar.init_table      const    0x00001b64    0x10  - Linker created -
  .rodata              const    0x00001b74    0x20  start.o [1]
  .rodata              const    0x00001b94    0x20  start.o [1]
  .rodata              const    0x00001bb4    0x20  start.o [1]
  .rodata              const    0x00001bd4    0x20  start.o [1]
  .rodata              const    0x00001bf4    0x20  start.o [1]
  .text                ro code  0x00001c14    0x20  vectors.o [1]
  .rodata              const    0x00001c34    0x1c  start.o [1]
  .rodata              const    0x00001c50    0x1c  start.o [1]
  .rodata              const    0x00001c6c    0x1c  start.o [1]
  .text                ro code  0x00001c88    0x1c  isr.o [1]
  .rodata              const    0x00001ca4    0x18  start.o [1]
  .rodata              const    0x00001cbc    0x18  start.o [1]
  .rodata              const    0x00001cd4    0x18  start.o [1]
  .rodata              const    0x00001cec    0x18  start.o [1]
  .rodata              const    0x00001d04    0x18  start.o [1]
  .rodata              const    0x00001d1c    0x18  start.o [1]
  .rodata              const    0x00001d34    0x18  start.o [1]
  .rodata              const    0x00001d4c    0x18  start.o [1]
  .text                ro code  0x00001d64    0x16  cmain.o [4]
  .text                ro code  0x00001d7a     0x4  low_level_init.o [3]
  .text                ro code  0x00001d7e     0x4  exit.o [3]
  .text                ro code  0x00001d84     0xa  cexit.o [4]
  .text                ro code  0x00001d90    0x14  exit.o [5]
  .rodata              const    0x00001da4    0x14  start.o [1]
  .rodata              const    0x00001db8    0x14  start.o [1]
  .rodata              const    0x00001dcc    0x14  start.o [1]
  .rodata              const    0x00001de0    0x14  start.o [1]
  .rodata              const    0x00001df4    0x14  start.o [1]
  .rodata              const    0x00001e08    0x14  start.o [1]
  .rodata              const    0x00001e1c    0x14  start.o [1]
  .rodata              const    0x00001e30    0x14  start.o [1]
  .rodata              const    0x00001e44    0x10  start.o [1]
  .rodata              const    0x00001e54    0x10  start.o [1]
  .rodata              const    0x00001e64    0x10  start.o [1]
  .rodata              const    0x00001e74    0x10  start.o [1]
  .rodata              const    0x00001e84    0x10  start.o [1]
  .rodata              const    0x00001e94    0x10  start.o [1]
  .rodata              const    0x00001ea4    0x10  start.o [1]
  .rodata              const    0x00001eb4    0x10  start.o [1]
  .rodata              const    0x00001ec4    0x10  start.o [1]
  .rodata              const    0x00001ed4    0x10  start.o [1]
  .rodata              const    0x00001ee4    0x10  start.o [1]
  .rodata              const    0x00001ef4    0x10  start.o [1]
  .rodata              const    0x00001f04    0x10  start.o [1]
  .text                ro code  0x00001f14    0x10  io.o [1]
  .rodata              const    0x00001f24     0xc  start.o [1]
  .rodata              const    0x00001f30     0xc  start.o [1]
  .rodata              const    0x00001f3c     0xc  start.o [1]
  .rodata              const    0x00001f48     0xc  start.o [1]
  .text                ro code  0x00001f54     0xc  cstartup_M.o [4]
  .rodata              const    0x00001f60     0x8  start.o [1]
  .rodata              const    0x00001f68     0x8  start.o [1]
  .rodata              const    0x00001f70     0x8  start.o [1]
  .rodata              const    0x00001f78     0x8  start.o [1]
  .rodata              const    0x00001f80     0x8  start.o [1]
  .rodata              const    0x00001f88     0x8  start.o [1]
  .rodata              const    0x00001f90     0x8  start.o [1]
  .rodata              const    0x00001f98     0x8  start.o [1]
  .rodata              const    0x00001fa0     0x0  bwt_init3c.o [4]
                              - 0x00001fa0  0x1b54

"P2", part 1 of 2:                            0x98
  CodeRelocateRam               0x1fff0410    0x50  <Block>
    CodeRelocateRam-1           0x1fff0410    0x50  <Init block>
      .textrw          inited   0x1fff0410    0x50  mcg.o [1]
  .data                         0x1fff0460    0x48  <Block>
    .data-1                     0x1fff0460    0x48  <Init block>
      .data            inited   0x1fff0460    0x14  gpio.o [1]
      .data            inited   0x1fff0474    0x14  gpio.o [1]
      .data            inited   0x1fff0488     0x8  mcg.o [1]
      .data            inited   0x1fff0490    0x18  uart.o [1]
                              - 0x1fff04a8    0x98

"P2", part 2 of 2:                             0xc
  .bss                          0x1fff04a8     0xc  <Block>
    .bss               zero     0x1fff04a8     0x4  sysinit.o [1]
    .bss               zero     0x1fff04ac     0x4  sysinit.o [1]
    .bss               zero     0x1fff04b0     0x4  sysinit.o [1]
                              - 0x1fff04b4     0xc


*******************************************************************************
*** INIT TABLE
***

          Address     Size
          -------     ----
Zero (__iar_zero_init3)
    1 destination range, total size 0xc:
          0x1fff04a8   0xc



*******************************************************************************
*** MODULE SUMMARY
***

    Module            ro code  rw code  ro data  rw data
    ------            -------  -------  -------  -------
E:\study\fire_Kinetis_代码V2.2\build\pit_demo\Debug\Obj: [1]
    LED.o                 196
    PIT.o                 112
    arm_cm4.o             188                56
    assert.o               32                76
    crt0.o                 60
    delay.o                36
    gpio.o                244                96       40
    io.o                   16
    isr.o                  28
    main.o                 32
    mcg.o                 756       80       88        8
    printf.o            1 372
    start.o             1 312             1 176
    startup.o             192
    stdlib.o               32
    sysinit.o              92                         12
    uart.o                524                24       24
    vectors.o              32             1 088
    wdog.o                 56
    ----------------------------------------------------
    Total:              5 312       80    2 604       84

command line: [2]
    ----------------------------------------------------
    Total:

dl7M_tln.a: [3]
    exit.o                  4
    low_level_init.o        4
    ----------------------------------------------------
    Total:                  8

rt7M_tl.a: [4]
    bwt_init3c.o
    cexit.o                10
    cmain.o                22
    cstartup_M.o           12
    data_init3.o           44
    zero_init3.o           34
    ----------------------------------------------------
    Total:                122

shb_l.a: [5]
    exit.o                 20
    ----------------------------------------------------
    Total:                 20

    Gaps                    4                 2
    Linker created          8                16
--------------------------------------------------------
    Grand Total:        5 474       80    2 622       84


*******************************************************************************
*** ENTRY LIST
***

Entry                      Address   Size  Type      Object
-----                      -------   ----  ----      ------
.bss$$Base              0x1fff04a8          --   Gb  - Linker created -
.bss$$Limit             0x1fff04b4          --   Gb  - Linker created -
.data$$Base             0x1fff0460          --   Gb  - Linker created -
.data$$Limit            0x1fff04a8          --   Gb  - Linker created -
.data_init$$Base        0x00001970          --   Gb  - Linker created -
.data_init$$Limit       0x000019b8          --   Gb  - Linker created -
?main                   0x00001d65         Code  Gb  cmain.o [4]
ASSERT_FAILED_STR       0x000018dc   0x4c  Data  Gb  assert.o [1]
CodeRelocate$$Base      0x0000188c          --   Gb  - Linker created -
CodeRelocate$$Limit     0x000018dc          --   Gb  - Linker created -
CodeRelocateRam$$Base   0x1fff0410          --   Gb  - Linker created -
CodeRelocateRam$$Limit  0x1fff0460          --   Gb  - Linker created -
GPIOx                   0x1fff0460   0x14  Data  Gb  gpio.o [1]
LED_init                0x000017a5   0x34  Code  Gb  LED.o [1]
LED_turn                0x000017f7   0x10  Code  Gb  LED.o [1]
PIT0_IRQHandler         0x00001c89   0x1c  Code  Gb  isr.o [1]
PORTX                   0x1fff0474   0x14  Data  Gb  gpio.o [1]
Region$$Table$$Base     0x00001b64          --   Gb  - Linker created -
Region$$Table$$Limit    0x00001b74          --   Gb  - Linker created -
Reset_Handler           0x00000411         Code  Gb  crt0.o [1]
UARTx                   0x1fff0490   0x18  Data  Gb  uart.o [1]
__BOOT_STACK_ADDRESS {Abs}
                        0x2000fff8          --   Gb  command line/config [2]
__VECTOR_RAM {Abs}      0x1fff0000          --   Gb  command line/config [2]
__VECTOR_TABLE {Abs}    0x00000000          --   Gb  command line/config [2]
__cmain                 0x00001d65         Code  Gb  cmain.o [4]
__code_start__ {Abs}    0x00000410          --   Gb  command line/config [2]
__exit                  0x00001d91   0x14  Code  Gb  exit.o [5]
__iar_SB                0x00001fa0         Data  Gb  bwt_init3c.o [4]
__iar_data_init3        0x00001ac5   0x2c  Code  Gb  data_init3.o [4]
__iar_program_start     0x00001f55         Code  Gb  cstartup_M.o [4]
__iar_zero_init3        0x00001b41   0x22  Code  Gb  zero_init3.o [4]
__low_level_init        0x00001d7b    0x4  Code  Gb  low_level_init.o [3]
__vector_table          0x00000000  0x410  Data  Gb  vectors.o [1]
_call_main              0x00001d71         Code  Gb  cmain.o [4]
_exit                   0x00001d85         Code  Gb  cexit.o [4]
_main                   0x00001d77         Code  Gb  cmain.o [4]
assert_failed           0x00001785   0x20  Code  Gb  assert.o [1]
bus_clk_khz             0x1fff04b0    0x4  Data  Gb  sysinit.o [1]
common_startup          0x00000f21   0xc0  Code  Gb  startup.o [1]
core_clk_khz            0x1fff04a8    0x4  Data  Gb  sysinit.o [1]
core_clk_mhz            0x1fff04ac    0x4  Data  Gb  sysinit.o [1]
cpu_identify            0x00000af7  0x20a  Code  Gb  start.o [1]
default_isr             0x00001c15   0x20  Code  Gb  vectors.o [1]
delayms                 0x00001869   0x1e  Code  Gb  delay.o [1]
enable_irq              0x00001063   0x94  Code  Gb  arm_cm4.o [1]
exit                    0x00001d7f    0x4  Code  Gb  exit.o [3]
flash_identify          0x00000d01   0xbe  Code  Gb  start.o [1]
gpio_init               0x00001691   0xb8  Code  Gb  gpio.o [1]
gpio_turn               0x00001749   0x30  Code  Gb  gpio.o [1]
led                     0x000017d9   0x1e  Code  Gb  LED.o [1]
main                    0x0000103d   0x20  Code  Gb  main.o [1]
mcg_div                 0x1fff0488    0x8  Data  Gb  mcg.o [1]
out_char                0x00001f15   0x10  Code  Gb  io.o [1]
pit_init                0x00001621   0x62  Code  Gb  PIT.o [1]
pll_init                0x00001121  0x2f4  Code  Gb  mcg.o [1]
printf                  0x0000097f   0x26  Code  Gb  printf.o [1]
printk                  0x00000575  0x40a  Code  Gb  printf.o [1]
printk_mknumstr         0x0000047f   0xaa  Code  Lc  printf.o [1]
printk_pad_space        0x0000054f   0x26  Code  Lc  printf.o [1]
printk_pad_zero         0x00000529   0x26  Code  Lc  printf.o [1]
printk_putc             0x0000044d   0x32  Code  Lc  printf.o [1]
set_sys_dividers        0x1fff0411   0x50  Code  Gb  mcg.o [1]
start                   0x000009c9  0x12e  Code  Gb  start.o [1]
strlen                  0x000009a9   0x20  Code  Gb  stdlib.o [1]
sysinit                 0x00000fe1   0x48  Code  Gb  sysinit.o [1]
uart_init               0x00001415  0x1ae  Code  Gb  uart.o [1]
uart_putchar            0x000015c3   0x1a  Code  Gb  uart.o [1]
water_lights            0x00001807   0x5c  Code  Gb  LED.o [1]
wdog_disable            0x00000ee9   0x16  Code  Gb  wdog.o [1]
wdog_unlock             0x00000f01   0x16  Code  Gb  wdog.o [1]
write_vtor              0x0000105d    0x6  Code  Gb  arm_cm4.o [1]


[1] = E:\study\fire_Kinetis_代码V2.2\build\pit_demo\Debug\Obj
[2] = command line
[3] = dl7M_tln.a
[4] = rt7M_tl.a
[5] = shb_l.a

  5 474 bytes of readonly  code memory
     80 bytes of readwrite code memory
  2 622 bytes of readonly  data memory
     84 bytes of readwrite data memory

Errors: none
Warnings: none
