###############################################################################
#                                                                             #
# IAR ELF Linker V6.30.1.53127/W32 for ARM              21/Sep/2012  21:29:06 #
# Copyright 2007-2011 IAR Systems AB.                                         #
#                                                                             #
#    Output file  =  E:\study\fire_Kinetis_代码V2.2\build\gpio_demo\Debug\Exe #
#                    \fire_gpio_demo.out                                      #
#    Map file     =  E:\study\fire_Kinetis_代码V2.2\build\gpio_demo\Debug\Lis #
#                    t\fire_gpio_demo.map                                     #
#    Command line =  E:\study\fire_Kinetis_代码V2.2\build\gpio_demo\Debug\Obj #
#                    \LED.o E:\study\fire_Kinetis_代码V2.2\build\gpio_demo\De #
#                    bug\Obj\alloc.o E:\study\fire_Kinetis_代码V2.2\build\gpi #
#                    o_demo\Debug\Obj\arm_cm4.o E:\study\fire_Kinetis_代码V2. #
#                    2\build\gpio_demo\Debug\Obj\assert.o                     #
#                    E:\study\fire_Kinetis_代码V2.2\build\gpio_demo\Debug\Obj #
#                    \crt0.o E:\study\fire_Kinetis_代码V2.2\build\gpio_demo\D #
#                    ebug\Obj\delay.o E:\study\fire_Kinetis_代码V2.2\build\gp #
#                    io_demo\Debug\Obj\gpio.o E:\study\fire_Kinetis_代码V2.2\ #
#                    build\gpio_demo\Debug\Obj\io.o                           #
#                    E:\study\fire_Kinetis_代码V2.2\build\gpio_demo\Debug\Obj #
#                    \isr.o E:\study\fire_Kinetis_代码V2.2\build\gpio_demo\De #
#                    bug\Obj\lptmr.o E:\study\fire_Kinetis_代码V2.2\build\gpi #
#                    o_demo\Debug\Obj\main.o E:\study\fire_Kinetis_代码V2.2\b #
#                    uild\gpio_demo\Debug\Obj\mcg.o                           #
#                    E:\study\fire_Kinetis_代码V2.2\build\gpio_demo\Debug\Obj #
#                    \memtest.o E:\study\fire_Kinetis_代码V2.2\build\gpio_dem #
#                    o\Debug\Obj\printf.o E:\study\fire_Kinetis_代码V2.2\buil #
#                    d\gpio_demo\Debug\Obj\queue.o                            #
#                    E:\study\fire_Kinetis_代码V2.2\build\gpio_demo\Debug\Obj #
#                    \start.o E:\study\fire_Kinetis_代码V2.2\build\gpio_demo\ #
#                    Debug\Obj\startup.o E:\study\fire_Kinetis_代码V2.2\build #
#                    \gpio_demo\Debug\Obj\stdlib.o                            #
#                    E:\study\fire_Kinetis_代码V2.2\build\gpio_demo\Debug\Obj #
#                    \sysinit.o E:\study\fire_Kinetis_代码V2.2\build\gpio_dem #
#                    o\Debug\Obj\uart.o E:\study\fire_Kinetis_代码V2.2\build\ #
#                    gpio_demo\Debug\Obj\uif.o E:\study\fire_Kinetis_代码V2.2 #
#                    \build\gpio_demo\Debug\Obj\vectors.o                     #
#                    E:\study\fire_Kinetis_代码V2.2\build\gpio_demo\Debug\Obj #
#                    \wdog.o -o E:\study\fire_Kinetis_代码V2.2\build\gpio_dem #
#                    o\Debug\Exe\fire_gpio_demo.out --map                     #
#                    E:\study\fire_Kinetis_代码V2.2\build\gpio_demo\Debug\Lis #
#                    t\fire_gpio_demo.map --config                            #
#                    "E:\study\fire_Kinetis_代码V2.2\build\gpio_demo\..\confi #
#                    g files\fire_ROM_K60N512.icf" --semihosting --entry      #
#                    __iar_program_start --vfe                                #
#                                                                             #
#                                                                             #
###############################################################################

*******************************************************************************
*** RUNTIME MODEL ATTRIBUTES
***

CppFlavor       = *
__SystemLibrary = DLib


*******************************************************************************
*** PLACEMENT SUMMARY
***

"A1":  place at 0x00000000 { ro section .intvec };
"A2":  place at 0x00000410 { ro section .noinit };
"P1":  place in [from 0x00000000 to 0x00040000] { ro, block CodeRelocate };
"P2":  place in [from 0x1fff0410 to 0x20010000] {
          rw, block CodeRelocateRam, block CSTACK, block HEAP };

  Section              Kind        Address    Size  Object
  -------              ----        -------    ----  ------
"A1":                                        0x410
  .intvec              const    0x00000000   0x410  vectors.o [1]
                              - 0x00000410   0x410

"A2":                                         0x3c
  .noinit              ro code  0x00000410    0x3c  crt0.o [1]
                              - 0x0000044c    0x3c

"P1":                                       0x19d4
  .text                ro code  0x0000044c   0x55c  printf.o [1]
  .text                ro code  0x000009a8    0x20  stdlib.o [1]
  .text                ro code  0x000009c8   0x520  start.o [1]
  .text                ro code  0x00000ee8    0x38  wdog.o [1]
  .text                ro code  0x00000f20    0xc0  startup.o [1]
  .text                ro code  0x00000fe0    0x5c  sysinit.o [1]
  .text                ro code  0x0000103c    0x3c  main.o [1]
  .text                ro code  0x00001078     0xc  arm_cm4.o [1]
  Veneer               ro code  0x00001084     0x8  - Linker created -
  .text                ro code  0x0000108c   0x2f4  mcg.o [1]
  .text                ro code  0x00001380   0x20c  uart.o [1]
  .text                ro code  0x0000158c    0xc4  gpio.o [1]
  .text                ro code  0x00001650    0x48  lptmr.o [1]
  .text                ro code  0x00001698    0x20  assert.o [1]
  .text                ro code  0x000016b8    0xb4  LED.o [1]
  .text                ro code  0x0000176c    0x24  delay.o [1]
  CodeRelocate                  0x00001790    0x50  <Block>
    Initializer bytes  ro data  0x00001790    0x50  <for CodeRelocateRam-1>
  .rodata              const    0x000017e0    0x4c  assert.o [1]
  .rodata              const    0x0000182c    0x48  start.o [1]
  .data_init                    0x00001874    0x48  <Block>
    Initializer bytes  ro data  0x00001874    0x48  <for .data-1>
  .rodata              const    0x000018bc    0x40  start.o [1]
  .rodata              const    0x000018fc    0x38  gpio.o [1]
  .rodata              const    0x00001934    0x2c  start.o [1]
  .text                ro code  0x00001960    0x2c  data_init3.o [4]
  .rodata              const    0x0000198c    0x28  start.o [1]
  .rodata              const    0x000019b4    0x28  start.o [1]
  .text                ro code  0x000019dc    0x22  zero_init3.o [4]
  .iar.init_table      const    0x00001a00    0x10  - Linker created -
  .rodata              const    0x00001a10    0x20  start.o [1]
  .rodata              const    0x00001a30    0x20  start.o [1]
  .rodata              const    0x00001a50    0x20  start.o [1]
  .rodata              const    0x00001a70    0x20  start.o [1]
  .rodata              const    0x00001a90    0x20  start.o [1]
  .text                ro code  0x00001ab0    0x20  vectors.o [1]
  .rodata              const    0x00001ad0    0x1c  start.o [1]
  .rodata              const    0x00001aec    0x1c  start.o [1]
  .rodata              const    0x00001b08    0x1c  start.o [1]
  .rodata              const    0x00001b24    0x18  start.o [1]
  .rodata              const    0x00001b3c    0x18  start.o [1]
  .rodata              const    0x00001b54    0x18  start.o [1]
  .rodata              const    0x00001b6c    0x18  start.o [1]
  .rodata              const    0x00001b84    0x18  start.o [1]
  .rodata              const    0x00001b9c    0x18  start.o [1]
  .rodata              const    0x00001bb4    0x18  start.o [1]
  .rodata              const    0x00001bcc    0x18  start.o [1]
  .text                ro code  0x00001be4    0x16  cmain.o [4]
  .text                ro code  0x00001bfa     0x4  low_level_init.o [3]
  .text                ro code  0x00001bfe     0x4  exit.o [3]
  .text                ro code  0x00001c04     0xa  cexit.o [4]
  .text                ro code  0x00001c10    0x14  exit.o [5]
  .rodata              const    0x00001c24    0x14  start.o [1]
  .rodata              const    0x00001c38    0x14  start.o [1]
  .rodata              const    0x00001c4c    0x14  start.o [1]
  .rodata              const    0x00001c60    0x14  start.o [1]
  .rodata              const    0x00001c74    0x14  start.o [1]
  .rodata              const    0x00001c88    0x14  start.o [1]
  .rodata              const    0x00001c9c    0x14  start.o [1]
  .rodata              const    0x00001cb0    0x14  start.o [1]
  .rodata              const    0x00001cc4    0x10  start.o [1]
  .rodata              const    0x00001cd4    0x10  start.o [1]
  .rodata              const    0x00001ce4    0x10  start.o [1]
  .rodata              const    0x00001cf4    0x10  start.o [1]
  .rodata              const    0x00001d04    0x10  start.o [1]
  .rodata              const    0x00001d14    0x10  start.o [1]
  .rodata              const    0x00001d24    0x10  start.o [1]
  .rodata              const    0x00001d34    0x10  start.o [1]
  .rodata              const    0x00001d44    0x10  start.o [1]
  .rodata              const    0x00001d54    0x10  start.o [1]
  .rodata              const    0x00001d64    0x10  start.o [1]
  .rodata              const    0x00001d74    0x10  start.o [1]
  .rodata              const    0x00001d84    0x10  start.o [1]
  .text                ro code  0x00001d94    0x10  io.o [1]
  .rodata              const    0x00001da4     0xc  start.o [1]
  .rodata              const    0x00001db0     0xc  start.o [1]
  .rodata              const    0x00001dbc     0xc  start.o [1]
  .rodata              const    0x00001dc8     0xc  start.o [1]
  .text                ro code  0x00001dd4     0xc  cstartup_M.o [4]
  .rodata              const    0x00001de0     0x8  start.o [1]
  .rodata              const    0x00001de8     0x8  start.o [1]
  .rodata              const    0x00001df0     0x8  start.o [1]
  .rodata              const    0x00001df8     0x8  start.o [1]
  .rodata              const    0x00001e00     0x8  start.o [1]
  .rodata              const    0x00001e08     0x8  start.o [1]
  .rodata              const    0x00001e10     0x8  start.o [1]
  .rodata              const    0x00001e18     0x8  start.o [1]
  .rodata              const    0x00001e20     0x0  bwt_init3c.o [4]
                              - 0x00001e20  0x19d4

"P2", part 1 of 2:                            0x98
  CodeRelocateRam               0x1fff0410    0x50  <Block>
    CodeRelocateRam-1           0x1fff0410    0x50  <Init block>
      .textrw          inited   0x1fff0410    0x50  mcg.o [1]
  .data                         0x1fff0460    0x48  <Block>
    .data-1                     0x1fff0460    0x48  <Init block>
      .data            inited   0x1fff0460    0x14  gpio.o [1]
      .data            inited   0x1fff0474    0x14  gpio.o [1]
      .data            inited   0x1fff0488     0x8  mcg.o [1]
      .data            inited   0x1fff0490    0x18  uart.o [1]
                              - 0x1fff04a8    0x98

"P2", part 2 of 2:                             0xc
  .bss                          0x1fff04a8     0xc  <Block>
    .bss               zero     0x1fff04a8     0x4  sysinit.o [1]
    .bss               zero     0x1fff04ac     0x4  sysinit.o [1]
    .bss               zero     0x1fff04b0     0x4  sysinit.o [1]
                              - 0x1fff04b4     0xc


*******************************************************************************
*** INIT TABLE
***

          Address     Size
          -------     ----
Zero (__iar_zero_init3)
    1 destination range, total size 0xc:
          0x1fff04a8   0xc



*******************************************************************************
*** MODULE SUMMARY
***

    Module            ro code  rw code  ro data  rw data
    ------            -------  -------  -------  -------
E:\study\fire_Kinetis_代码V2.2\build\gpio_demo\Debug\Obj: [1]
    LED.o                 180
    arm_cm4.o              12
    assert.o               32                76
    crt0.o                 60
    delay.o                36
    gpio.o                196                96       40
    io.o                   16
    lptmr.o                72
    main.o                 60
    mcg.o                 756       80       88        8
    printf.o            1 372
    start.o             1 312             1 176
    startup.o             192
    stdlib.o               32
    sysinit.o              92                         12
    uart.o                524                24       24
    vectors.o              32             1 040
    wdog.o                 56
    ----------------------------------------------------
    Total:              5 032       80    2 500       84

command line: [2]
    ----------------------------------------------------
    Total:

dl7M_tln.a: [3]
    exit.o                  4
    low_level_init.o        4
    ----------------------------------------------------
    Total:                  8

rt7M_tl.a: [4]
    bwt_init3c.o
    cexit.o                10
    cmain.o                22
    cstartup_M.o           12
    data_init3.o           44
    zero_init3.o           34
    ----------------------------------------------------
    Total:                122

shb_l.a: [5]
    exit.o                 20
    ----------------------------------------------------
    Total:                 20

    Gaps                    4                 2
    Linker created          8                16
--------------------------------------------------------
    Grand Total:        5 194       80    2 518       84


*******************************************************************************
*** ENTRY LIST
***

Entry                      Address   Size  Type      Object
-----                      -------   ----  ----      ------
.bss$$Base              0x1fff04a8          --   Gb  - Linker created -
.bss$$Limit             0x1fff04b4          --   Gb  - Linker created -
.data$$Base             0x1fff0460          --   Gb  - Linker created -
.data$$Limit            0x1fff04a8          --   Gb  - Linker created -
.data_init$$Base        0x00001874          --   Gb  - Linker created -
.data_init$$Limit       0x000018bc          --   Gb  - Linker created -
?main                   0x00001be5         Code  Gb  cmain.o [4]
ASSERT_FAILED_STR       0x000017e0   0x4c  Data  Gb  assert.o [1]
CodeRelocate$$Base      0x00001790          --   Gb  - Linker created -
CodeRelocate$$Limit     0x000017e0          --   Gb  - Linker created -
CodeRelocateRam$$Base   0x1fff0410          --   Gb  - Linker created -
CodeRelocateRam$$Limit  0x1fff0460          --   Gb  - Linker created -
GPIOx                   0x1fff0460   0x14  Data  Gb  gpio.o [1]
LED_init                0x000016b9   0x34  Code  Gb  LED.o [1]
PORTX                   0x1fff0474   0x14  Data  Gb  gpio.o [1]
Region$$Table$$Base     0x00001a00          --   Gb  - Linker created -
Region$$Table$$Limit    0x00001a10          --   Gb  - Linker created -
Reset_Handler           0x00000411         Code  Gb  crt0.o [1]
UARTx                   0x1fff0490   0x18  Data  Gb  uart.o [1]
__BOOT_STACK_ADDRESS {Abs}
                        0x2000fff8          --   Gb  command line/config [2]
__VECTOR_RAM {Abs}      0x1fff0000          --   Gb  command line/config [2]
__VECTOR_TABLE {Abs}    0x00000000          --   Gb  command line/config [2]
__cmain                 0x00001be5         Code  Gb  cmain.o [4]
__code_start__ {Abs}    0x00000410          --   Gb  command line/config [2]
__exit                  0x00001c11   0x14  Code  Gb  exit.o [5]
__iar_SB                0x00001e20         Data  Gb  bwt_init3c.o [4]
__iar_data_init3        0x00001961   0x2c  Code  Gb  data_init3.o [4]
__iar_program_start     0x00001dd5         Code  Gb  cstartup_M.o [4]
__iar_zero_init3        0x000019dd   0x22  Code  Gb  zero_init3.o [4]
__low_level_init        0x00001bfb    0x4  Code  Gb  low_level_init.o [3]
__vector_table          0x00000000  0x410  Data  Gb  vectors.o [1]
_call_main              0x00001bf1         Code  Gb  cmain.o [4]
_exit                   0x00001c05         Code  Gb  cexit.o [4]
_main                   0x00001bf7         Code  Gb  cmain.o [4]
assert_failed           0x00001699   0x20  Code  Gb  assert.o [1]
bus_clk_khz             0x1fff04b0    0x4  Data  Gb  sysinit.o [1]
common_startup          0x00000f21   0xc0  Code  Gb  startup.o [1]
core_clk_khz            0x1fff04a8    0x4  Data  Gb  sysinit.o [1]
core_clk_mhz            0x1fff04ac    0x4  Data  Gb  sysinit.o [1]
cpu_identify            0x00000af7  0x20a  Code  Gb  start.o [1]
default_isr             0x00001ab1    0x2  Code  Gb  vectors.o [1]
delayms                 0x0000176d   0x1e  Code  Gb  delay.o [1]
exit                    0x00001bff    0x4  Code  Gb  exit.o [3]
flash_identify          0x00000d01   0xbe  Code  Gb  start.o [1]
gpio_init               0x0000158d   0xb8  Code  Gb  gpio.o [1]
led                     0x000016ed   0x1e  Code  Gb  LED.o [1]
main                    0x0000103d   0x3c  Code  Gb  main.o [1]
mcg_div                 0x1fff0488    0x8  Data  Gb  mcg.o [1]
out_char                0x00001d95   0x10  Code  Gb  io.o [1]
pit_init_100            0x00001ab3   0x1a  Code  Gb  vectors.o [1]
pll_init                0x0000108d  0x2f4  Code  Gb  mcg.o [1]
printf                  0x0000097f   0x26  Code  Gb  printf.o [1]
printk                  0x00000575  0x40a  Code  Gb  printf.o [1]
printk_mknumstr         0x0000047f   0xaa  Code  Lc  printf.o [1]
printk_pad_space        0x0000054f   0x26  Code  Lc  printf.o [1]
printk_pad_zero         0x00000529   0x26  Code  Lc  printf.o [1]
printk_putc             0x0000044d   0x32  Code  Lc  printf.o [1]
set_sys_dividers        0x1fff0411   0x50  Code  Gb  mcg.o [1]
start                   0x000009c9  0x12e  Code  Gb  start.o [1]
strlen                  0x000009a9   0x20  Code  Gb  stdlib.o [1]
sysinit                 0x00000fe1   0x48  Code  Gb  sysinit.o [1]
time_delay_ms           0x00001651   0x38  Code  Gb  lptmr.o [1]
uart_init               0x00001381  0x1ae  Code  Gb  uart.o [1]
uart_putchar            0x0000152f   0x1a  Code  Gb  uart.o [1]
water_lights            0x0000170b   0x5c  Code  Gb  LED.o [1]
wdog_disable            0x00000ee9   0x16  Code  Gb  wdog.o [1]
wdog_unlock             0x00000f01   0x16  Code  Gb  wdog.o [1]
write_vtor              0x00001079    0x6  Code  Gb  arm_cm4.o [1]


[1] = E:\study\fire_Kinetis_代码V2.2\build\gpio_demo\Debug\Obj
[2] = command line
[3] = dl7M_tln.a
[4] = rt7M_tl.a
[5] = shb_l.a

  5 194 bytes of readonly  code memory
     80 bytes of readwrite code memory
  2 518 bytes of readonly  data memory
     84 bytes of readwrite data memory

Errors: none
Warnings: none
