###############################################################################
#
# IAR ELF Linker V7.10.1.6676/W32 for ARM                 25/Nov/2014  14:49:04
# Copyright 2007-2014 IAR Systems AB.
#
#    Output file  =  
#        C:\Users\wangjiayu\Desktop\lanzouMAA845X-K60-V1\build\fire_demo\Release\Exe\fire_gpio_demo.out
#    Map file     =  
#        C:\Users\wangjiayu\Desktop\lanzouMAA845X-K60-V1\build\fire_demo\Release\List\fire_gpio_demo.map
#    Command line =  
#        C:\Users\wangjiayu\Desktop\lanzouMAA845X-K60-V1\build\fire_demo\Release\Obj\adc.o
#        C:\Users\wangjiayu\Desktop\lanzouMAA845X-K60-V1\build\fire_demo\Release\Obj\alloc.o
#        C:\Users\wangjiayu\Desktop\lanzouMAA845X-K60-V1\build\fire_demo\Release\Obj\arm_cm4.o
#        C:\Users\wangjiayu\Desktop\lanzouMAA845X-K60-V1\build\fire_demo\Release\Obj\assert.o
#        C:\Users\wangjiayu\Desktop\lanzouMAA845X-K60-V1\build\fire_demo\Release\Obj\AT24C02.o
#        C:\Users\wangjiayu\Desktop\lanzouMAA845X-K60-V1\build\fire_demo\Release\Obj\calculation.o
#        C:\Users\wangjiayu\Desktop\lanzouMAA845X-K60-V1\build\fire_demo\Release\Obj\crt0.o
#        C:\Users\wangjiayu\Desktop\lanzouMAA845X-K60-V1\build\fire_demo\Release\Obj\delay.o
#        C:\Users\wangjiayu\Desktop\lanzouMAA845X-K60-V1\build\fire_demo\Release\Obj\dma.o
#        C:\Users\wangjiayu\Desktop\lanzouMAA845X-K60-V1\build\fire_demo\Release\Obj\exti.o
#        C:\Users\wangjiayu\Desktop\lanzouMAA845X-K60-V1\build\fire_demo\Release\Obj\FTM.o
#        C:\Users\wangjiayu\Desktop\lanzouMAA845X-K60-V1\build\fire_demo\Release\Obj\gpio.o
#        C:\Users\wangjiayu\Desktop\lanzouMAA845X-K60-V1\build\fire_demo\Release\Obj\i2c.o
#        C:\Users\wangjiayu\Desktop\lanzouMAA845X-K60-V1\build\fire_demo\Release\Obj\io.o
#        C:\Users\wangjiayu\Desktop\lanzouMAA845X-K60-V1\build\fire_demo\Release\Obj\isr.o
#        C:\Users\wangjiayu\Desktop\lanzouMAA845X-K60-V1\build\fire_demo\Release\Obj\lptmr.o
#        C:\Users\wangjiayu\Desktop\lanzouMAA845X-K60-V1\build\fire_demo\Release\Obj\main.o
#        C:\Users\wangjiayu\Desktop\lanzouMAA845X-K60-V1\build\fire_demo\Release\Obj\mcg.o
#        C:\Users\wangjiayu\Desktop\lanzouMAA845X-K60-V1\build\fire_demo\Release\Obj\memtest.o
#        C:\Users\wangjiayu\Desktop\lanzouMAA845X-K60-V1\build\fire_demo\Release\Obj\MOTOR.o
#        C:\Users\wangjiayu\Desktop\lanzouMAA845X-K60-V1\build\fire_demo\Release\Obj\nokia.o
#        C:\Users\wangjiayu\Desktop\lanzouMAA845X-K60-V1\build\fire_demo\Release\Obj\PIT.o
#        C:\Users\wangjiayu\Desktop\lanzouMAA845X-K60-V1\build\fire_demo\Release\Obj\printf.o
#        C:\Users\wangjiayu\Desktop\lanzouMAA845X-K60-V1\build\fire_demo\Release\Obj\queue.o
#        C:\Users\wangjiayu\Desktop\lanzouMAA845X-K60-V1\build\fire_demo\Release\Obj\start.o
#        C:\Users\wangjiayu\Desktop\lanzouMAA845X-K60-V1\build\fire_demo\Release\Obj\startup.o
#        C:\Users\wangjiayu\Desktop\lanzouMAA845X-K60-V1\build\fire_demo\Release\Obj\stdlib.o
#        C:\Users\wangjiayu\Desktop\lanzouMAA845X-K60-V1\build\fire_demo\Release\Obj\sysinit.o
#        C:\Users\wangjiayu\Desktop\lanzouMAA845X-K60-V1\build\fire_demo\Release\Obj\uart.o
#        C:\Users\wangjiayu\Desktop\lanzouMAA845X-K60-V1\build\fire_demo\Release\Obj\uif.o
#        C:\Users\wangjiayu\Desktop\lanzouMAA845X-K60-V1\build\fire_demo\Release\Obj\vectors.o
#        C:\Users\wangjiayu\Desktop\lanzouMAA845X-K60-V1\build\fire_demo\Release\Obj\wdog.o
#        -o
#        C:\Users\wangjiayu\Desktop\lanzouMAA845X-K60-V1\build\fire_demo\Release\Exe\fire_gpio_demo.out
#        --map
#        C:\Users\wangjiayu\Desktop\lanzouMAA845X-K60-V1\build\fire_demo\Release\List\fire_gpio_demo.map
#        --config
#        "C:\Users\wangjiayu\Desktop\lanzouMAA845X-K60-V1\build\fire_demo\..\config
#        files\fire_ROM_K60N512.icf" --semihosting --entry __iar_program_start
#        --inline --vfe
#
###############################################################################

*******************************************************************************
*** RUNTIME MODEL ATTRIBUTES
***

CppFlavor       = *
__SystemLibrary = DLib


*******************************************************************************
*** PLACEMENT SUMMARY
***

"A1":  place at 0x00000000 { ro section .intvec };
"A2":  place at 0x00000410 { ro section .noinit };
"P1":  place in [from 0x00000000 to 0x00040000] { ro, block CodeRelocate };
"P2":  place in [from 0x1fff0410 to 0x20010000] {
          rw, block CodeRelocateRam, block CSTACK, block HEAP };

  Section              Kind        Address    Size  Object
  -------              ----        -------    ----  ------
"A1":                                        0x410
  .intvec              const    0x00000000   0x410  vectors.o [1]
                              - 0x00000410   0x410

"P1", part 1 of 2:                             0x0
  .rodata              const    0x00000410     0x0  zero_init3.o [5]

"A2":                                         0x3c
  .noinit              ro code  0x00000410    0x3c  crt0.o [1]
                              - 0x0000044c    0x3c

"P1", part 2 of 2:                          0x15b8
  .text                ro code  0x0000044c   0x4f8  printf.o [1]
  .text                ro code  0x00000944    0x14  stdlib.o [1]
  .text                ro code  0x00000958   0x308  isr.o [1]
  .text                ro code  0x00000c60   0x16c  uart.o [1]
  .text                ro code  0x00000dcc   0x13c  arm_cm4.o [1]
  .text                ro code  0x00000f08   0x26c  i2c.o [1]
  .text                ro code  0x00001174   0x1c8  adc.o [1]
  Veneer               ro code  0x0000133c     0x8  - Linker created -
  .text                ro code  0x00001344   0x1bc  mcg.o [1]
  .text                ro code  0x00001500    0xc0  main.o [1]
  .text                ro code  0x000015c0    0x5c  gpio.o [1]
  .text                ro code  0x0000161c    0x40  PIT.o [1]
  .text                ro code  0x0000165c    0x40  calculation.o [1]
  .text                ro code  0x0000169c    0x76  ABImemcpy_unaligned.o [5]
  .text                ro code  0x00001712    0x22  zero_init3.o [5]
  .text                ro code  0x00001734    0x70  startup.o [1]
  .text                ro code  0x000017a4     0x6  ABImemclr.o [5]
  .text                ro code  0x000017ac    0x5e  ABImemset.o [5]
  .data_init                    0x0000180c    0x68  <Block>
    Initializer bytes  ro data  0x0000180c    0x68  <for .data-1>
  .text                ro code  0x00001874    0x44  sysinit.o [1]
  .text                ro code  0x000018b8    0x40  vectors.o [1]
  CodeRelocate                  0x000018f8    0x3c  <Block>
    Initializer bytes  ro data  0x000018f8    0x3c  <for CodeRelocateRam-1>
  .text                ro code  0x00001934    0x30  wdog.o [1]
  .text                ro code  0x00001964    0x28  data_init.o [5]
  .iar.init_table      const    0x0000198c    0x10  - Linker created -
  .text                ro code  0x0000199c    0x1a  cmain.o [5]
  .text                ro code  0x000019b6     0x4  exit.o [3]
  .text                ro code  0x000019bc     0xa  cexit.o [5]
  .text                ro code  0x000019c8    0x14  exit.o [6]
  .text                ro code  0x000019dc    0x14  start.o [1]
  .text                ro code  0x000019f0     0xc  cstartup_M.o [5]
  .text                ro code  0x000019fc     0x8  io.o [1]
                              - 0x00001a04  0x15b8

"P2", part 1 of 2:                            0xa4
  .data                         0x1fff0410    0x68  <Block>
    .data-1                     0x1fff0410    0x68  <Init block>
      .data            inited   0x1fff0410    0x18  adc.o [1]
      .data            inited   0x1fff0428    0x28  gpio.o [1]
      .data            inited   0x1fff0450     0x8  i2c.o [1]
      .data            inited   0x1fff0458     0x8  mcg.o [1]
      .data            inited   0x1fff0460    0x18  uart.o [1]
  CodeRelocateRam               0x1fff0478    0x3c  <Block>
    CodeRelocateRam-1           0x1fff0478    0x3c  <Init block>
      .textrw          inited   0x1fff0478    0x3c  mcg.o [1]
                              - 0x1fff04b4    0xa4

"P2", part 2 of 2:                            0x27
  .bss                          0x1fff04b4    0x27  <Block>
    .bss               zero     0x1fff04b4     0xc  sysinit.o [1]
    .bss               zero     0x1fff04c0     0x8  isr.o [1]
    .bss               zero     0x1fff04c8    0x10  isr.o [1]
    .bss               zero     0x1fff04d8     0x1  isr.o [1]
    .bss               zero     0x1fff04d9     0x1  isr.o [1]
    .bss               zero     0x1fff04da     0x1  main.o [1]
                              - 0x1fff04db    0x27


*******************************************************************************
*** INIT TABLE
***

          Address     Size
          -------     ----
Zero (__iar_zero_init3)
    1 destination range, total size 0x27:
          0x1fff04b4  0x27



*******************************************************************************
*** MODULE SUMMARY
***

    Module                 ro code  rw code  ro data  rw data
    ------                 -------  -------  -------  -------
C:\Users\wangjiayu\Desktop\lanzouMAA845X-K60-V1\build\fire_demo\Release\Obj: [1]
    PIT.o                       64
    adc.o                      456                24       24
    arm_cm4.o                  316
    calculation.o               64
    crt0.o                      60
    gpio.o                      92                40       40
    i2c.o                      620                 8        8
    io.o                         8
    isr.o                      776                         26
    main.o                     192                          1
    mcg.o                      444       60       68        8
    printf.o                 1 272
    start.o                     20
    startup.o                  112
    stdlib.o                    20
    sysinit.o                   68                         12
    uart.o                     364                24       24
    vectors.o                   64             1 040
    wdog.o                      48
    ---------------------------------------------------------
    Total:                   5 060       60    1 204      143

command line: [2]
    ---------------------------------------------------------
    Total:

dl7M_tln.a: [3]
    exit.o                       4
    ---------------------------------------------------------
    Total:                       4

m7M_tl.a: [4]
    ---------------------------------------------------------
    Total:

rt7M_tl.a: [5]
    ABImemclr.o                  6
    ABImemcpy_unaligned.o      118
    ABImemset.o                 94
    cexit.o                     10
    cmain.o                     26
    cstartup_M.o                12
    data_init.o                 40
    zero_init3.o                34
    ---------------------------------------------------------
    Total:                     340

shb_l.a: [6]
    exit.o                      20
    ---------------------------------------------------------
    Total:                      20

    Gaps                         6
    Linker created               8                16
-------------------------------------------------------------
    Grand Total:             5 438       60    1 220      143


*******************************************************************************
*** ENTRY LIST
***

Entry                      Address   Size  Type      Object
-----                      -------   ----  ----      ------
.bss$$Base              0x1fff04b4          --   Gb  - Linker created -
.bss$$Limit             0x1fff04db          --   Gb  - Linker created -
.data$$Base             0x1fff0410          --   Gb  - Linker created -
.data$$Limit            0x1fff0478          --   Gb  - Linker created -
.data_init$$Base        0x0000180c          --   Gb  - Linker created -
.data_init$$Limit       0x00001874          --   Gb  - Linker created -
?main                   0x0000199d         Code  Gb  cmain.o [5]
ADCx                    0x1fff0420    0x8  Data  Gb  adc.o [1]
AngleAcceleration_AD    0x00001673   0x2a  Code  Gb  calculation.o [1]
AngleAcceleration_init  0x0000165d   0x16  Code  Gb  calculation.o [1]
CodeRelocate$$Base      0x000018f8          --   Gb  - Linker created -
CodeRelocate$$Limit     0x00001934          --   Gb  - Linker created -
CodeRelocateRam$$Base   0x1fff0478          --   Gb  - Linker created -
CodeRelocateRam$$Limit  0x1fff04b4          --   Gb  - Linker created -
DMA_CH0_Handler         0x00000ba5   0x1e  Code  Gb  isr.o [1]
DMA_CH4_Handler         0x00000b83   0x22  Code  Gb  isr.o [1]
DMA_Over_Flg            0x1fff04d8    0x1  Data  Gb  isr.o [1]
FTM0_IRQHandler         0x00000b55    0x2  Code  Gb  isr.o [1]
FTM1_IRQHandler         0x00000b57   0x2c  Code  Gb  isr.o [1]
GPIOx                   0x1fff0428   0x14  Data  Gb  gpio.o [1]
HardFault_Handler       0x00000a23    0xe  Code  Gb  isr.o [1]
I2C_ReadAddr            0x00000f87   0xc8  Code  Gb  i2c.o [1]
I2C_WriteAddr           0x0000104f   0x82  Code  Gb  i2c.o [1]
I2C_init                0x00000f09   0x58  Code  Gb  i2c.o [1]
I2Cx                    0x1fff0450    0x8  Data  Gb  i2c.o [1]
LPT_Handler             0x00000bc3   0x14  Code  Gb  isr.o [1]
LPT_INT_count           0x1fff04d9    0x1  Data  Gb  isr.o [1]
Master_Adc_Config       0x1fff0410   0x10  Data  Gb  adc.o [1]
PIT0_IRQHandler         0x00000987   0x98  Code  Gb  isr.o [1]
PIT1_IRQHandler         0x0000097b    0xc  Code  Gb  isr.o [1]
PIT2_IRQHandler         0x00000af7   0x5e  Code  Gb  isr.o [1]
PORTB_IRQHandler        0x00000ad7   0x20  Code  Gb  isr.o [1]
PORTD_IRQHandler        0x00000a31   0xa6  Code  Gb  isr.o [1]
PORTX                   0x1fff043c   0x14  Data  Gb  gpio.o [1]
Pause                   0x00000f61   0x26  Code  Gb  i2c.o [1]
PendSV_Handler          0x00000a21    0x2  Code  Gb  isr.o [1]
Region$$Table$$Base     0x0000198c          --   Gb  - Linker created -
Region$$Table$$Limit    0x0000199c          --   Gb  - Linker created -
Reset_Handler           0x00000411         Code  Gb  crt0.o [1]
SysTick_Handler         0x00000a1f    0x2  Code  Gb  isr.o [1]
TIME0flag_10ms          0x1fff04c1    0x1  Data  Gb  isr.o [1]
TIME0flag_15ms          0x1fff04c2    0x1  Data  Gb  isr.o [1]
TIME0flag_20ms          0x1fff04c3    0x1  Data  Gb  isr.o [1]
TIME0flag_5ms           0x1fff04c0    0x1  Data  Gb  isr.o [1]
TIME0flag_80ms          0x1fff04c4    0x1  Data  Gb  isr.o [1]
TIME1flag_1s            0x1fff04c5    0x1  Data  Gb  isr.o [1]
TimeCount               0x1fff04c6    0x2  Data  Gb  isr.o [1]
UARTx                   0x1fff0460   0x18  Data  Gb  uart.o [1]
USART1_IRQHandler       0x00000959   0x22  Code  Gb  isr.o [1]
XYZ_CFG_Data            0x1fff04da    0x1  Data  Gb  main.o [1]
__BOOT_STACK_ADDRESS {Abs}
                        0x2000fff8          --   Gb  command line/config [2]
__VECTOR_RAM {Abs}      0x1fff0000          --   Gb  command line/config [2]
__VECTOR_TABLE {Abs}    0x00000000          --   Gb  command line/config [2]
__aeabi_memclr          0x000017a5         Code  Gb  ABImemclr.o [5]
__cmain                 0x0000199d         Code  Gb  cmain.o [5]
__code_start__ {Abs}    0x00000410          --   Gb  command line/config [2]
__exit                  0x000019c9   0x14  Code  Gb  exit.o [6]
__iar_Memset_word       0x000017ad         Code  Gb  ABImemset.o [5]
__iar_data_init3        0x00001965   0x28  Code  Gb  data_init.o [5]
__iar_program_start     0x000019f1         Code  Gb  cstartup_M.o [5]
__iar_unaligned___aeabi_memcpy
                        0x0000169d         Code  Gb  ABImemcpy_unaligned.o [5]
__iar_unaligned___aeabi_memcpy4
                        0x000016bd         Code  Gb  ABImemcpy_unaligned.o [5]
__iar_unaligned___aeabi_memcpy8
                        0x000016bd         Code  Gb  ABImemcpy_unaligned.o [5]
__iar_zero_init3        0x00001713   0x22  Code  Gb  zero_init3.o [5]
__vector_table          0x00000000  0x410  Data  Gb  vectors.o [1]
_call_main              0x000019a9         Code  Gb  cmain.o [5]
_exit                   0x000019bd         Code  Gb  cexit.o [5]
_main                   0x000019b3         Code  Gb  cmain.o [5]
acci2c_set              0x000010d1   0x86  Code  Gb  i2c.o [1]
ad_ave10                0x0000129f   0x36  Code  Gb  adc.o [1]
adc_init                0x00001175  0x12a  Code  Gb  adc.o [1]
adc_start               0x000012d5   0x58  Code  Gb  adc.o [1]
bus_clk_khz             0x1fff04bc    0x4  Data  Gb  sysinit.o [1]
common_startup          0x00001735   0x70  Code  Gb  startup.o [1]
core_clk_khz            0x1fff04b4    0x4  Data  Gb  sysinit.o [1]
core_clk_mhz            0x1fff04b8    0x4  Data  Gb  sysinit.o [1]
default_isr             0x000018b9    0xc  Code  Gb  vectors.o [1]
disable_irq             0x00000e31   0x52  Code  Gb  arm_cm4.o [1]
enable_irq              0x00000dd3   0x5e  Code  Gb  arm_cm4.o [1]
exit                    0x000019b7    0x4  Code  Gb  exit.o [3]
gpio_init               0x000015c1   0x56  Code  Gb  gpio.o [1]
key10cout               0x1fff04d4    0x2  Data  Gb  isr.o [1]
key10flg                0x1fff04cd    0x1  Data  Gb  isr.o [1]
key10start              0x1fff04cc    0x1  Data  Gb  isr.o [1]
key11cout               0x1fff04d6    0x2  Data  Gb  isr.o [1]
key11flg                0x1fff04cf    0x1  Data  Gb  isr.o [1]
key11start              0x1fff04ce    0x1  Data  Gb  isr.o [1]
key8cout                0x1fff04d0    0x2  Data  Gb  isr.o [1]
key8flg                 0x1fff04c9    0x1  Data  Gb  isr.o [1]
key8start               0x1fff04c8    0x1  Data  Gb  isr.o [1]
key9cout                0x1fff04d2    0x2  Data  Gb  isr.o [1]
key9flg                 0x1fff04cb    0x1  Data  Gb  isr.o [1]
key9start               0x1fff04ca    0x1  Data  Gb  isr.o [1]
main                    0x00001501   0xc0  Code  Gb  main.o [1]
mcg_div                 0x1fff0458    0x8  Data  Gb  mcg.o [1]
out_char                0x000019fd    0x8  Code  Gb  io.o [1]
pit_init                0x0000161d   0x16  Code  Gb  PIT.o [1]
pll_init                0x00001345  0x1bc  Code  Gb  mcg.o [1]
printf                  0x00000923   0x1e  Code  Gb  printf.o [1]
printk                  0x00000547  0x3dc  Code  Gb  printf.o [1]
printk_mknumstr         0x00000477   0x64  Code  Lc  printf.o [1]
printk_pad_space        0x00000511   0x36  Code  Lc  printf.o [1]
printk_pad_zero         0x000004db   0x36  Code  Lc  printf.o [1]
printk_putc             0x0000044d   0x2a  Code  Lc  printf.o [1]
set_sys_dividers        0x1fff0479   0x3c  Code  Gb  mcg.o [1]
start                   0x000019dd   0x14  Code  Gb  start.o [1]
strlen                  0x00000945   0x14  Code  Gb  stdlib.o [1]
sysinit                 0x00001875   0x3c  Code  Gb  sysinit.o [1]
uart_getchar            0x00000d69   0x10  Code  Gb  uart.o [1]
uart_init               0x00000c61  0x108  Code  Gb  uart.o [1]
uart_putchar            0x00000d79   0x14  Code  Gb  uart.o [1]
uart_sendStr            0x00000d8d   0x1e  Code  Gb  uart.o [1]
wdog_disable            0x00001935   0x14  Code  Gb  wdog.o [1]
wdog_unlock             0x00001949   0x14  Code  Gb  wdog.o [1]
write_vtor              0x00000dcd    0x6  Code  Gb  arm_cm4.o [1]


[1] = C:\Users\wangjiayu\Desktop\lanzouMAA845X-K60-V1\build\fire_demo\Release\Obj
[2] = command line
[3] = dl7M_tln.a
[4] = m7M_tl.a
[5] = rt7M_tl.a
[6] = shb_l.a

  5 438 bytes of readonly  code memory
     60 bytes of readwrite code memory
  1 220 bytes of readonly  data memory
    143 bytes of readwrite data memory

Errors: none
Warnings: none
